
> oyishi@0.0.0 build
> tsc -b && vite build

[36mvite v8.2.2 [32mbuilding client environment for production...[36m[39m
transforming...
Ô£ô 2234 modules transformed.
rendering chunks...
computing gzip size...
dist/index.html                                    3.23 kB Ôöé gzip:   1.04 kB
dist/assets/index-lzrWb1w-.css                    61.57 kB Ôöé gzip:  10.35 kB
dist/assets/imageUtils-DE6togfY.js                 0.14 kB Ôöé gzip:   0.13 kB
dist/assets/sparkles-CYM2byF8.js                   0.48 kB Ôöé gzip:   0.27 kB
dist/assets/NotFoundPage-Cgc0vh2j.js               1.79 kB Ôöé gzip:   0.83 kB
dist/assets/CookiesPage-NGvYyqtT.js                2.66 kB Ôöé gzip:   1.10 kB
dist/assets/PrivacidadPage-CDaVN4fo.js             3.00 kB Ôöé gzip:   1.17 kB
dist/assets/AvisoLegalPage-CrV4RRr2.js             3.46 kB Ôöé gzip:   1.38 kB
dist/assets/ContactoPage-BcAmur-Y.js               7.36 kB Ôöé gzip:   2.15 kB
dist/assets/jsx-runtime-Cltr0gcK.js                8.43 kB Ôöé gzip:   3.21 kB
dist/assets/ReservasPage-CnibRSDU.js               8.95 kB Ôöé gzip:   2.57 kB
dist/assets/CartaPage-CbhPXG_i.js                 13.15 kB Ôöé gzip:   4.18 kB
dist/assets/QuienesSomosPage-ClVvp7ZT.js          14.97 kB Ôöé gzip:   3.53 kB
dist/assets/FeaturedProductsSection-BQydKR3X.js   17.76 kB Ôöé gzip:   4.25 kB
dist/assets/oyishi-CJ-bbPtH.js                    54.56 kB Ôöé gzip:   6.20 kB
dist/assets/index-B44Kf-wr.js                    358.18 kB Ôöé gzip: 112.50 kB

[32mÔ£ô built in 8.47s[39m
